MAP
    NAME "overview"
    STATUS ON
    SIZE 600 600
    MAXSIZE 5000
    UNITS METERS
    PROJECTION
        "init=epsg:4326"
    END
    EXTENT -180 -90 180 90
    WEB	
        IMAGEPATH "/tmp/"
        METADATA
            WMS_TITLE "XPlan Detailanzeige"
            WMS_ABSTRACT "XPlanung-light WMS Detailanzeige"
            WMS_ONLINERESOURCE "<wms_onlineresource>"	
            WMS_SRS "epsg:4326 epsg:25832 epsg:3857 epsg:900913"
            wms_extent "-180 -90 180 90"
            "ows_keywordlist" "XPlanung-light"
            "ows_fees" "none"
            "ows_accessconstraints" "none"
            "ows_addresstype" "postal"
            "ows_address" "Musterstraße 1"
            "ows_city" "Musterstadt"
            "ows_stateorprovince" "Muster Bundesland"
            "ows_postcode" "00000"
            "ows_country" "Germany"
            "ows_contactperson" "Max Mustermann" 
            "ows_contactorganization" "Musterorganisation"
            "ows_contactposition" "Position"
            "ows_contactelectronicmailaddress" "test@example.com"
            "wms_contactfacsimiletelephone" "1111"
            "wms_contactvoicetelephone" "1111"
            "wms_enable_request" "*"
        END
    END
    SYMBOLSET 'xplanung_light/mapserver/symbols/symbols.sym'
    FONTSET 'xplanung_light/mapserver/fonts/fonts.list'
    OUTPUTFORMAT
        NAME 'png'
        DRIVER 'AGG/PNG'
        MIMETYPE 'image/png'
        EXTENSION PNG
        IMAGEMODE PC256
        TRANSPARENT ON
    END
    LEGEND
        STATUS ON
        KEYSIZE 10 8
        KEYSPACING 10 10
        IMAGECOLOR 255 255 255
        LABEL
            COLOR 128 128 128
            TYPE TRUETYPE
            #FONT "arial"
            SIZE 8
        END
    END
    # Inline Polygon Layer auf Basis des Umrings - wird dynamisch in das mapfile geschrieben
    LAYER
        NAME "umring"
        STATUS ON
        TYPE POLYGON
        MAXSCALE 10000000
        FEATURE
            WKT "<wkt>"
        END
        METADATA
            WMS_TITLE       "Umringspolygon"
            WMS_SRS         "EPSG:4326"
            WMS_ABSTRACT    "Umringspolygone des jeweiligen Plans für die Detailanzeige"
            "wms_extent"    "-180 -90 180 90"
        END
        PROJECTION
            "init=epsg:4326"
        END
        CLASS
            NAME "Umringspolygon"
            STYLE
                OUTLINECOLOR 255 0 0 
                WIDTH 2 
            END 
        END
    END
    # Globale Hintergrundkarte auf Basis des BKG Topplus
    LAYER
        NAME "topplus"
        TYPE RASTER
        CONNECTION "https://sgx.geodatenzentrum.de/wms_topplus_web_open?"
        CONNECTIONTYPE WMS
        METADATA
            "wms_srs"             "EPSG:4326"
            "wms_name"            "web_grau"
            "wms_title"           "web_grau"
            "wms_connectiontimeout" "6"
            "wms_server_version"  "1.1.1"
            "wms_format"          "image/png"
            "wms_extent"          "-180 -90 180 90"
        END
    END
    LAYER
        NAME "xplan_fp_bebauung"
        TYPE POLYGON
        CONNECTIONTYPE OGR
        CONNECTION "Flaechennutzungsplan-XPlanung_EPSG25832_GML.gml"
        #DATA "FP_BebauungsFlaeche"
        DATA "fp_bebauungsflaeche"
        METADATA
            WMS_TITLE       "Bebauungspolygone"
            WMS_SRS         "EPSG:25832"
            WMS_ABSTRACT    "Testpolygon"
            "wms_extent"    "361388.1170999999740161 5669905.8633000003173947 382258.3052000000025146 5686629.4944000001996756"
        END
        PROJECTION
            "init=epsg:25832"
        END
        CLASS
            NAME "Bebauungspolygone"
            STYLE
                OUTLINECOLOR 255 0 0 
                WIDTH 2 
            END 
        END
    END
    LAYER
        NAME "xplan_fp_wald"
        TYPE POLYGON
        CONNECTIONTYPE OGR
        CONNECTION "Flaechennutzungsplan-XPlanung_EPSG25832_GML.gml"
        DATA "fp_waldflaeche"
        METADATA
            WMS_TITLE       "Waldpolygone"
            WMS_SRS         "EPSG:25832"
            WMS_ABSTRACT    "Testpolygon"
            "wms_extent"    "361388.1170999999740161 5669905.8633000003173947 382258.3052000000025146 5686629.4944000001996756"
        END
        PROJECTION
            "init=epsg:25832"
        END
        CLASS
            NAME "Waldpolygone"
            STYLE
                OUTLINECOLOR 0 255 0 
                WIDTH 2 
            END 
        END
    END
END