MAP
    # http://127.0.0.1/cgi-bin/mapserv?map=/home/armin/devel/django/xplanung_light/xplanung_light/mapserver/mapfiles/test.map&SERVICE=WMS&VERSION=1.3.0&REQUEST=GetCapabilities
    STATUS ON
    SIZE 450 400
    EXTENT 7.293677 50.325436 7.303848 50.331546
    UNITS METERS
    IMAGECOLOR 255 255 255
    OUTPUTFORMAT
        NAME "SHAPEZIP"
        DRIVER "OGR/ESRI Shapefile"
        MIMETYPE "application/zip"
        FORMATOPTION "DSCO:SHAPEFILE=YES"
        FORMATOPTION "FORM=zip"
        FORMATOPTION "FILENAME=result.zip"
    END
    OUTPUTFORMAT
        NAME "geojson"
        DRIVER "OGR/GEOJSON"
        MIMETYPE "application/json; subtype=geojson"
        FORMATOPTION "STORAGE=memory"
        FORMATOPTION "FORM=simple"
        FORMATOPTION "FILENAME=result.geojson"
        FORMATOPTION "LCO:COORDINATE_PRECISION=5"
    END
    OUTPUTFORMAT
        NAME "CSV"
        DRIVER "OGR/CSV"
        MIMETYPE "text/csv"
        FORMATOPTION "LCO:GEOMETRY=AS_WKT"
        FORMATOPTION "STORAGE=filesystem"
        FORMATOPTION "FORM=simple"
        FORMATOPTION "FILENAME=result.csv"
    END
    WEB
        IMAGEPATH "/tmp/"
        IMAGEURL "/tmp/"
        METADATA
            "wms_feature_info_mime_type" "text/html"
            "ows_name" "OWS.07137068"
            "ows_title" "Kommunale Pläne von Mayen, große kreisangehörige Stadt"
            #"ows_onlineresource" "http://127.0.0.1:8000/organization/1374/ows/"
            "ows_srs" "EPSG:31466 EPSG:31467 EPSG:25832 EPSG:4326 EPSG:3857"
            "ows_enable_request" "*"
            "ows_abstract" "Kommunale Pläne von Aach ..."
            "ows_keywordlist" ""
            "ows_addresstype" "postal"
            "ows_contactorganization" "Gemeinde/Stadt Aach"
            "ows_contactperson" ""
            "ows_address" ""
            "ows_city" ""
            "ows_stateorprovince" "DE-RP"
            "ows_postcode" ""
            "ows_country" "DE"
            "ows_contactvoicetelephone" ""
            "ows_contactfacsimiletelephone" ""
            "ows_contactelectronicmailaddress" ""
            "ows_encoding" "UTF-8"
            "ows_fees" "NONE"
            "wfs_getfeature_formatlist" "OGRGML,SHAPEZIP,CSV,geojson"
        END
    END
    PROJECTION
        "init=epsg:4326"
    END
    LEGEND
        STATUS ON
        KEYSIZE 12 12
        IMAGECOLOR 255 255 255
        LABEL
            TYPE TRUETYPE
            SIZE 9
        END
    END
    LAYER
        COMPOSITE
            OPACITY 70
        END
        STATUS ON
        NAME "BPlan.07137068.123"
        GROUP "vector"
        METADATA
            "wms_group_title" "vector title"
            "wms_include_items" "all"
            "ows_title" "Bebauungsplan Test Hausen 1 von Mayen, große kreisangehörige Stadt"
            "ows_srs" "EPSG:31466 EPSG:31467 EPSG:25832 EPSG:4326 EPSG:3857"
            "ows_abstract" "Bebauungsplan Test Hausen 1 von Mayen, große kreisangehörige Stadt ..."
            "ows_keywordlist" ""
            "ows_extent" "7.265488 50.328902 7.27635 50.333642"
            "gml_include_items" "all"
            "ows_metadataurl_href" "http://127.0.0.1:8000/bplan/14/iso19139/"
            "ows_metadataurl_format" "text/xml"
            "ows_metadataurl_type" "TC211"
            #"ows_enable_request" "* !GetCapabilities"
        END
        TEMPLATE "xplanung_light/mapserver/templates/bplan.html"
        TYPE POLYGON
        CONNECTIONTYPE OGR
        CONNECTION "db.sqlite3"
        DATA "xplanung_light_bplan"
        FILTER ( '[id]' = '14' )
        PROCESSING "CLOSE_CONNECTION=DEFER"
        PROJECTION
            "init=epsg:4326"
        END
        CLASSGROUP "default"
        CLASS
            NAME "Bebauungsplan"
            GROUP "default"
            STYLE
                WIDTH 3
                COLOR 155 155 155
                OUTLINECOLOR 0 0 255
            END
        END
    END

    LAYER
        COMPOSITE
            OPACITY 70
        END
        STATUS ON
        NAME "BPlan.07137068.123"
        METADATA
            "wms_layer_group" "/Bebauungsplaene/bplan123"
            "wms_include_items" "all"
            "ows_title" "Bebauungsplan Test Hausen 1 von Mayen, große kreisangehörige Stadt"
            "ows_srs" "EPSG:31466 EPSG:31467 EPSG:25832 EPSG:4326 EPSG:3857"
            "ows_abstract" "Bebauungsplan Test Hausen 1 von Mayen, große kreisangehörige Stadt ..."
            "ows_keywordlist" ""
            "ows_extent" "7.265488 50.328902 7.27635 50.333642"
            "gml_include_items" "all"
            "ows_metadataurl_href" "http://127.0.0.1:8000/bplan/14/iso19139/"
            "ows_metadataurl_format" "text/xml"
            "ows_metadataurl_type" "TC211"
            "ows_enable_request" "* !GetCapabilities"
        END
        TEMPLATE "xplanung_light/mapserver/templates/bplan.html"
        TYPE QUERY
        CONNECTIONTYPE OGR
        CONNECTION "db.sqlite3"
        DATA "xplanung_light_bplan"
        FILTER ( '[id]' = '14' )
        PROCESSING "CLOSE_CONNECTION=DEFER"
        PROJECTION
            "init=epsg:4326"
        END
        CLASSGROUP "default"
        CLASS
            NAME "Bebauungsplan"
            GROUP "default"
            STYLE
                WIDTH 3
                COLOR 155 155 155
                OUTLINECOLOR 0 0 255
            END
        END
    END

    LAYER
        STATUS ON
        NAME "BPlan.07137068.123"
        METADATA
            #https://mapserver.org/development/rfc/ms-rfc-75.html#named-group-layers
            "wms_layer_group" "/Bebauungsplaene/bplan123"
            "wms_group_title" "Bebauungspläne"
            "wms_include_items" "all"
            "ows_title" "Bebauungsplan Test Hausen 1 von Mayen, große kreisangehörige Stadt Raster version"
            "ows_srs" "EPSG:31466 EPSG:31467 EPSG:25832 EPSG:4326 EPSG:3857"
            "ows_abstract" "Bebauungsplan Test Hausen 1 von Mayen, große kreisangehörige Stadt ... raster"
            "ows_keywordlist" ""
            "ows_extent" "7.265488 50.328902 7.27635 50.333642"
            "gml_include_items" "all"
            "ows_metadataurl_href" "http://127.0.0.1:8000/bplan/14/iso19139/"
            "ows_metadataurl_format" "text/xml"
            "ows_metadataurl_type" "TC211"
            #"ows_enable_request" "* !GetCapabilities"
        END
        TYPE RASTER
        DATA "uploads/BPlan.07137068.53.0.plan_5_lzw.tif"
        PROJECTION
            "init=epsg:25832"
        END
    END


END