		CLASS
			NAME 'Flaechennutzungsplan'
			GROUP "default"
 			EXPRESSION ([planart] = 10000)
			STYLE
				WIDTH 3
				OUTLINECOLOR 0 0 255
			END
			STYLE
				WIDTH 1
				SYMBOL 'schraffur'
				ANGLE 315
				COLOR 0 0 255
				SIZE 8
				OUTLINECOLOR 0 0 255
			END
   			LABEL
     				COLOR 5 10 90
     				FONT "verdana"
     				TYPE truetype
     				SIZE 10
     				MINSCALEDENOM 0
     				MAXSCALEDENOM 50000
     				POSITION AUTO
     				PARTIALS FALSE
   			END
		END	
        CLASS
            NAME 'Flaechennutzungsplan_kom'
            GROUP "default"
            EXPRESSION ([planart] = 1000)
            STYLE
                WIDTH 3
                OUTLINECOLOR 0 0 255
            END
            STYLE
                WIDTH 1
                SYMBOL 'schraffur'
                ANGLE 315
                COLOR 0 0 255
                SIZE 8
                OUTLINECOLOR 0 0 255
            END
            LABEL
                COLOR 5 10 90
                FONT "verdana"
                TYPE truetype
                SIZE 10
                MINSCALEDENOM 0
                MAXSCALEDENOM 50000
                POSITION AUTO
                PARTIALS FALSE
            END
        END
		CLASS
			NAME 'Gemeinsamer Flaechennutzungsplan'
			GROUP "default"
 			EXPRESSION ([planart] = 2000)
			STYLE
				WIDTH 3
				OUTLINECOLOR 255 0 0
			END
			STYLE
				WIDTH 1
				SYMBOL 'schraffur'
				ANGLE 315
				COLOR 255 0 0
				SIZE 8
				OUTLINECOLOR 255 0 0
			END
   			LABEL
     				COLOR 5 10 90
     				FONT "verdana"
     				TYPE truetype
     				SIZE 10
     				MINSCALEDENOM 0
     				MAXSCALEDENOM 50000
     				POSITION AUTO
     				PARTIALS FALSE
   			END
		END
		CLASS
			NAME 'Regionaler Flaechennutzungsplan'
			GROUP "default"
 			EXPRESSION ([planart] = 3000)
			STYLE
				WIDTH 3
				OUTLINECOLOR 0 255 0
			END
			STYLE
				WIDTH 1
				SYMBOL 'schraffur'
				ANGLE 315
				COLOR 0 255 0
				SIZE 8
				OUTLINECOLOR 0 255 0
			END
   			LABEL
     				COLOR 5 10 90
     				FONT "verdana"
     				TYPE truetype
     				SIZE 10
     				MINSCALEDENOM 0
     				MAXSCALEDENOM 50000
     				POSITION AUTO
     				PARTIALS FALSE
   			END
		END
		CLASS
			NAME 'Flaechennutzungsplan mit regionalpl. Festl.'
			GROUP "default"
 			EXPRESSION ([planart] = 4000)
			STYLE
				WIDTH 3
				OUTLINECOLOR 255 0 0
			END
			STYLE
				WIDTH 1
				SYMBOL 'schraffur'
				ANGLE 315
				COLOR 255 0 0
				SIZE 8
				OUTLINECOLOR 255 0 0
			END
   			LABEL
     				COLOR 5 10 90
     				FONT "verdana"
     				TYPE truetype
     				SIZE 10
     				MINSCALEDENOM 0
     				MAXSCALEDENOM 50000
     				POSITION AUTO
     				PARTIALS FALSE
   			END
		END
		CLASS
			NAME 'Flaechennutzungsplan nach Paragraph 13 BauGB'
			GROUP "default"
 			EXPRESSION ([planart] = 5000)
			STYLE
				WIDTH 3
				OUTLINECOLOR 0 255 255
			END
			STYLE
				WIDTH 1
				SYMBOL 'schraffur'
				ANGLE 315
				COLOR 0 255 255
				SIZE 8
				OUTLINECOLOR 0 255 255
			END
   			LABEL
     				COLOR 5 10 90
     				FONT "verdana"
     				TYPE truetype
     				SIZE 10
     				MINSCALEDENOM 0
     				MAXSCALEDENOM 50000
     				POSITION AUTO
     				PARTIALS FALSE
   			END
		END
		CLASS
			NAME 'FPlan - sonstiges'
			GROUP "default"
 			EXPRESSION ([planart] = 9999)
			STYLE
				WIDTH 3
				OUTLINECOLOR 255 0 255
			END
			STYLE
				WIDTH 1
				SYMBOL 'schraffur'
				ANGLE 315
				COLOR 255 0 255
				SIZE 8
				OUTLINECOLOR 255 0 255
			END
   			LABEL
     				COLOR 5 10 90
     				FONT "verdana"
     				TYPE truetype
     				SIZE 10
     				MINSCALEDENOM 0
     				MAXSCALEDENOM 50000
     				POSITION AUTO
     				PARTIALS FALSE
   			END
		END
