LAYER
        #TODO reduce attributes for featureinfo request to id! - otherwise too much information will be pulled (gml ...)
        COMPOSITE
            OPACITY 70
        END # COMPOSITE
    	STATUS      ON
        NAME        "BPlan.0723507001.12"
        GROUP "BPlan.0723507001"
        METADATA
            #"wms_layer_group"           "/Bebauungsplaene"
            "wms_group_title"     "Bebauungspläne" 
            "wms_include_items"         "all"
            "ows_title"                 "testplan ohne rechtsstand"
            "ows_srs"                   "EPSG:25832 EPSG:31467 EPSG:31466 EPSG:4326 EPSG:3857"
            "ows_abstract"              "testplan ohne rechtsstand ..."
            "ows_keywordlist"           ""
            "ows_extent"                "7.293677 50.325436 7.303848 50.331546"
            "gml_include_items"         "all"
            "ows_metadataurl_href"      "https://geodaten.statistik.rlp.de/metadata/bev4_BEV4L1KREIS.xml"
            "ows_metadataurl_format"    "text/xml"
            "ows_metadataurl_type"      "TC211"
            "gml_exclude_items"         "xplan_gml"
            #"ows_enable_request" "* !GetCapabilities"
        END
        DUMP TRUE
        TEMPLATE        "xplanung_light/mapserver/templates/bplan.html"
        TYPE            POLYGON
        CONNECTIONTYPE 	OGR
   	    CONNECTION 	"db.sqlite3"
   	    DATA 		"select geltungsbereich, id from xplanung_light_bplan where public = true"
   	    FILTER 		('[id]' = '10')
   	    PROCESSING 	"CLOSE_CONNECTION=DEFER" # for maximum performance
        PROJECTION
            "init=epsg:4326"
        END
        CLASSGROUP  "default"
    END