LAYER
    	STATUS      ON
        NAME        "BPlan.0723507001.12_raster"
        GROUP "BPlan.0723507001"
        METADATA
            #"wms_layer_group"           "/Bebauungsplaene"
            "wms_group_title"           "Bebauungspläne"
            "wms_include_items"         "all"
            "ows_title"                 "testplan ohne rechtsstand"
            "ows_srs"                   "EPSG:25832 EPSG:31467 EPSG:31466 EPSG:4326 EPSG:3857"
            "ows_abstract"              "testplan ohne rechtsstand ..."
            "ows_keywordlist"           ""
            "ows_extent"                "7.293677 50.325436 7.303848 50.331546"
            "gml_include_items"         "all"
            "ows_metadataurl_href"      "https://geodaten.statistik.rlp.de/metadata/bev4_BEV4L1KREIS.xml"
            "ows_metadataurl_format"    "text/xml"
            "ows_metadataurl_type"      "TC211"
            #"ows_enable_request" "* !GetCapabilities"
        END
        TYPE            RASTER
   	    DATA 		"xplanung_light_bplan"
        PROJECTION
            "init=epsg:25832"
        END
    END